   157.6ms (setup:858): 2026-04-15 06:42:26
   157.7ms (setup:859): /usr/bin/pipx install django
   157.7ms (setup:860): pipx version is 1.4.3
   157.7ms (setup:861): Default python interpreter is '/usr/bin/python3'
   157.8ms (mkdir:74): creating directory /home/ubuntu/.local/share/pipx/venvs
   157.9ms (mkdir:74): creating directory /home/ubuntu/.local/bin
   158.0ms (mkdir:74): creating directory /home/ubuntu/.local/share/man
   158.7ms (mkdir:74): creating directory /home/ubuntu/.cache/pipx
   158.9ms (setup:870): Adding CACHEDIR.TAG to cache directory
   159.7ms (package_name_from_spec:370): Determined package name: django
   159.8ms (package_name_from_spec:371): Package name determined in 0.0s
   160.4ms (run_subprocess:168): running /usr/bin/python3 -m venv --without-pip /home/ubuntu/.local/share/pipx/venvs/django
   220.2ms (run_subprocess:190): stdout:
   220.3ms (run_subprocess:192): stderr:
   220.3ms (run_subprocess:193): returncode: 0
   220.9ms (run_subprocess:168): running /usr/bin/python3 -m venv --clear /home/ubuntu/.local/share/pipx/shared
  3881.9ms (run_subprocess:190): stdout:
  3882.0ms (run_subprocess:192): stderr:
  3882.0ms (run_subprocess:193): returncode: 0
  3882.3ms (run_subprocess:168): running <checking pip's availability>
  3902.6ms (run_subprocess:190): stdout: ModuleSpec(name='pip', loader=<_frozen_importlib_external.SourceFileLoader object at 0x7a209d303d40>, origin='/home/ubuntu/.local/share/pipx/shared/lib/python3.12/site-packages/pip/__init__.py', submodule_search_locations=['/home/ubuntu/.local/share/pipx/shared/lib/python3.12/site-packages/pip'])
  3902.7ms (run_subprocess:193): returncode: 0
  3902.7ms (upgrade:98): Upgrading shared libraries in /home/ubuntu/.local/share/pipx/shared
  3903.1ms (run_subprocess:168): running /home/ubuntu/.local/share/pipx/shared/bin/python -m pip --no-input --disable-pip-version-check install --force-reinstall -q --upgrade pip >= 23.1
  5739.1ms (run_subprocess:190): stdout:
  5739.2ms (run_subprocess:192): stderr:
  5739.2ms (run_subprocess:193): returncode: 0
  5739.5ms (run_subprocess:168): running /home/ubuntu/.local/share/pipx/venvs/django/bin/python -c import sysconfig; print(sysconfig.get_path('purelib'))
  5760.9ms (run_subprocess:190): stdout: /home/ubuntu/.local/share/pipx/venvs/django/lib/python3.12/site-packages
  5761.0ms (run_subprocess:193): returncode: 0
  5761.1ms (run_subprocess:168): running /home/ubuntu/.local/share/pipx/shared/bin/python -c import sysconfig; print(sysconfig.get_path('purelib'))
  5782.1ms (run_subprocess:190): stdout: /home/ubuntu/.local/share/pipx/shared/lib/python3.12/site-packages
  5782.2ms (run_subprocess:193): returncode: 0
  5782.5ms (run_subprocess:168): running /home/ubuntu/.local/share/pipx/venvs/django/bin/python --version
  5784.0ms (run_subprocess:190): stdout: Python 3.12.3
  5784.1ms (run_subprocess:192): stderr:
  5784.1ms (run_subprocess:193): returncode: 0
  5784.3ms (_parsed_package_to_package_or_url:137): cleaned package spec: django
  5784.7ms (run_subprocess:168): running /home/ubuntu/.local/share/pipx/venvs/django/bin/python -m pip --no-input install django
  8854.3ms (run_subprocess:193): returncode: 0
  8854.8ms (run_subprocess:168): running <fetch_info_in_venv commands>
  8880.1ms (run_subprocess:190): stdout: {"sys_path": ["/usr/lib/python312.zip", "/usr/lib/python3.12", "/usr/lib/python3.12/lib-dynload", "/home/ubuntu/.local/share/pipx/venvs/django/lib/python3.12/site-packages", "/home/ubuntu/.local/share/pipx/shared/lib/python3.12/site-packages"], "python_version": "3.12.3", "environment": {"implementation_name": "cpython", "implementation_version": "3.12.3", "os_name": "posix", "platform_machine": "x86_64", "platform_release": "6.17.0-1007-aws", "platform_system": "Linux", "platform_version": "#7~24.04.1-Ubuntu SMP Thu Jan 22 21:04:49 UTC 2026", "python_full_version": "3.12.3", "platform_python_implementation": "CPython", "python_version": "3.12", "sys_platform": "linux"}}
  8880.2ms (run_subprocess:193): returncode: 0
  9000.3ms (get_venv_metadata_for_package:339): get_venv_metadata_for_package: 146ms
  9000.5ms (_parsed_package_to_package_or_url:137): cleaned package spec: django
  9001.7ms (run_subprocess:168): running <checking pip's availability>
  9021.3ms (run_subprocess:190): stdout: ModuleSpec(name='pip', loader=<_frozen_importlib_external.SourceFileLoader object at 0x7f0cbc7ffc80>, origin='/home/ubuntu/.local/share/pipx/shared/lib/python3.12/site-packages/pip/__init__.py', submodule_search_locations=['/home/ubuntu/.local/share/pipx/shared/lib/python3.12/site-packages/pip'])
  9021.4ms (run_subprocess:193): returncode: 0
  9021.5ms (run_subprocess:168): running <checking pip's availability>
  9041.4ms (run_subprocess:190): stdout: ModuleSpec(name='pip', loader=<_frozen_importlib_external.SourceFileLoader object at 0x745817bffc80>, origin='/home/ubuntu/.local/share/pipx/shared/lib/python3.12/site-packages/pip/__init__.py', submodule_search_locations=['/home/ubuntu/.local/share/pipx/shared/lib/python3.12/site-packages/pip'])
  9041.5ms (run_subprocess:193): returncode: 0
  9042.7ms (warn_if_not_on_path:466): ⚠️  Note: '/home/ubuntu/.local/bin' is not on your PATH environment variable. These apps will not be globally
    accessible until your PATH is updated. Run `pipx ensurepath` to automatically add it, or manually modify your PATH
    in your shell's config file (i.e. ~/.bashrc).
  9042.9ms (cli:932): pipx finished.
